WARNING: charly is a dev/worktree build (not installed at /usr/bin or /usr/local/bin); NOT loading the installed package's plugins from /usr/lib/charly/plugins (they may be built against a different charly version). Set CHARLY_PLUGIN_DIR to load plugins from a custom location.

--- Building check-mise ---
[1/3] STEP 1/2: FROM scratch AS mise-consumer
[3/3] STEP 1/28: FROM quay.io/fedora/fedora:43
[2/3] STEP 1/6: FROM quay.io/fedora/fedora:43 AS mise-build
[1/3] STEP 2/2: COPY candy/mise-consumer/ /
--> 78403b782671
[3/3] STEP 2/28: RUN { [ -L /usr/local ] && mkdir -p "$(readlink /usr/local)"; mkdir -p /usr/local/bin; } &&     ARCH=$(uname -m) &&     case "$ARCH" in x86_64) ARCH=amd64;; aarch64) ARCH=arm64;; esac &&     TASK_URL="https://github.com/go-task/task/releases/latest/download/task_linux_${ARCH}.tar.gz" &&     (curl -fsSL "$TASK_URL" || wget -qO- "$TASK_URL") | tar -xzf - -C /usr/local/bin task
--> Using cache b405e377affd93fb27f254e420eb52acfe7cc65f9f23ea7026d347fb02bb643b
--> b405e377affd
[3/3] STEP 3/28: RUN if ! getent passwd 1000 >/dev/null 2>&1; then       LOGIN_SHELL=/bin/sh; [ -x /bin/bash ] && LOGIN_SHELL=/bin/bash;       if command -v useradd >/dev/null 2>&1; then         (getent group 1000 >/dev/null 2>&1 || groupadd -g 1000 user) &&         useradd -m -u 1000 -g 1000 -s "$LOGIN_SHELL" user;       else         (getent group 1000 >/dev/null 2>&1 || addgroup -g 1000 user) &&         adduser -D -h /home/user -u 1000 -G user -s "$LOGIN_SHELL" user;       fi;     fi
--> Using cache 4a0bf7d49829a1809aad96044583deccdfd19b6ece1243ed0d05a1496ceac961
--> 4a0bf7d49829
[3/3] STEP 4/28: WORKDIR /home/user
[2/3] STEP 2/6: USER root
--> Using cache 87e2b944a359eb977a33792f4436f67c254499b84a0f04d456c7129b98443759
--> 87e2b944a359
[3/3] STEP 5/28: ENV MISE_DATA_DIR="/usr/local/share/mise"
--> Using cache 9454fe5c0a03b285f4f4670db41027a96a295d360ed3acf5f281cd04e414a474
--> 9454fe5c0a03
[2/3] STEP 3/6: RUN dnf -y install --setopt=install_weak_deps=False curl tar gzip
--> Using cache 0190624cc9f439323595f56ed50a697f3b476227674738b25ce710d61287cd79
--> 0190624cc9f4
[2/3] STEP 4/6: ENV MISE_DATA_DIR=/mise MISE_YES=1
--> Using cache 8524ee23a5b4473027431adc35e10215dee7603d0d8e6127d19a0393c18ae111
--> 8524ee23a5b4
[2/3] STEP 5/6: RUN A=$(uname -m | sed 's/x86_64/x64/;s/aarch64/arm64/') &&     curl -sL -o /tmp/mise.tar.gz https://github.com/jdx/mise/releases/download/v2026.8.14/mise-v2026.8.14-linux-$A.tar.gz &&     tar xzf /tmp/mise.tar.gz -C /usr/local --strip-components=1 && rm /tmp/mise.tar.gz
--> Using cache 85dc771068e740d850b9d416fec23988f7489e668728280eb7f673963a2fd3e3
--> 85dc771068e7
[2/3] STEP 6/6: RUN mkdir -p /mise && mise reshim && mkdir -p /mise-out && cp -a /mise/. /mise-out/ && printf '[tools]\n' > /mise-out/config.toml
--> Using cache cee84c4b28ff2d37122430df3a16c6969b5c6440f04656853cfab1b7a901ba79
--> cee84c4b28ff
--> 13ef2e8f109f
[3/3] STEP 6/28: ENV PATH="/usr/local/share/mise/shims:${PATH}"
--> 84af96ce4b2e
[3/3] STEP 7/28: COPY --from=mise-build /usr/local/bin/mise /usr/local/bin/mise
--> 974aca095136
[3/3] STEP 8/28: COPY --from=mise-build /mise-out/ /usr/local/share/mise/
--> 2342cfe5e5a2
[3/3] STEP 9/28: COPY --from=mise-build /mise-out/config.toml /etc/mise/config.toml
--> 77e28e861d9c
[3/3] STEP 10/28: ARG TARGETARCH
--> 95626e9d70dc
[3/3] STEP 11/28: ENV ARCH=${TARGETARCH}
--> 3a802fc1bf39
[3/3] STEP 12/28: RUN --mount=type=bind,from=mise-consumer,source=/,target=/ctx --mount=type=cache,id=charly-tmp-npm-cache-uid1000,dst=/tmp/npm-cache,uid=1000,gid=1000 sh -c 'SH=/bin/sh; [ -x /bin/bash ] && SH=/bin/bash; exec "$SH"' sh <<'OVCMD' (BUILD_ARCH=$(uname -m)...)
mise node@22.23.2    [1/3] install
mise node@22.23.2    [1/3] download node-v22.23.2-linux-x64.tar.gz
mise node@22.23.2    [2/3] checksum node-v22.23.2-linux-x64.tar.gz
mise node@22.23.2    [3/3] extract node-v22.23.2-linux-x64.tar.gz
mise node@22.23.2    [3/3] node -v
mise node@22.23.2    [3/3] v22.23.2
mise node@22.23.2    [3/3] npm -v
mise node@22.23.2    [3/3] 10.9.8
mise node@22.23.2  ✓ installed
mise /home/user/mise.toml tools: node@22.23.2
--> 441470760f6b
[3/3] STEP 13/28: USER 1000
--> 8487061239b8
[3/3] STEP 14/28: LABEL ai.opencharly.version="2026.242.0000"
--> 90d304e1eb4b
[3/3] STEP 15/28: LABEL ai.opencharly.box="check-mise"
--> feef13e74ee1
[3/3] STEP 16/28: LABEL ai.opencharly.uid="1000"
--> f13d54d64c1c
[3/3] STEP 17/28: LABEL ai.opencharly.gid="1000"
--> 77cac2e5945c
[3/3] STEP 18/28: LABEL ai.opencharly.user="user"
--> 4aaaf075609c
[3/3] STEP 19/28: LABEL ai.opencharly.home="/home/user"
--> 3b025ae686f4
[3/3] STEP 20/28: LABEL ai.opencharly.registry="ghcr.io/opencharly"
--> 8354d88d2098
[3/3] STEP 21/28: LABEL ai.opencharly.platform.format='["rpm"]'
--> 58df7d743707
[3/3] STEP 22/28: LABEL ai.opencharly.description='{"candy":[{"origin":"candy:mise-consumer","description":"Consumer candy for the builder:mise + verb:mise legs. It SELECTS the\nout-of-tree external builder via `external_builder: mise`, so at image\nbuild charly'\''s build-path plugin connect + emitExternalBuilderStages seam\nhost-builds + connects candy/plugin-mise out-of-process, Invokes its\nOpResolve, and splices the returned multi-stage block (pre-main-FROM) + the\nCOPY --from artifacts (post-main-FROM) into the generated Containerfile —\nbaking the mise binary, the shims, and /etc/mise/config.toml into the\nimage. The `mise:` verb step then installs node@22 (mise use writes\n/mise.toml, installs, reshims), and the runtime checks prove both legs.","plan":[{"run":"install node via the mise verb (mise use writes /mise.toml, installs, reshims)","plugin":"mise","plugin_input":{"command":"use","tool":"node@22"},"intent_do":"act"},{"check":"the mise binary provisioned by the builder stage is on PATH","plugin":"command","id":"mise-on-path","plugin_input":{"command":"mise --version"},"intent_do":"assert"},{"check":"node installed by the mise verb resolves via the shims","plugin":"command","id":"node-via-shims","plugin_input":{"command":"node --version"},"intent_do":"assert"}]}],"box":[{"origin":"box:check-mise","description":"The check-mise bed image — composes the mise-consumer layer\n(external_builder: mise + a mise: verb step) so the builder leg and the\nverb leg are proven end to end in one image."}]}'
--> ff4dcde4d64f
[3/3] STEP 23/28: LABEL ai.opencharly.env_candy='{"MISE_DATA_DIR":"/usr/local/share/mise"}'
--> c6a84e875318
[3/3] STEP 24/28: LABEL ai.opencharly.path_append='["/usr/local/share/mise/shims"]'
--> b2771dab3926
[3/3] STEP 25/28: LABEL ai.opencharly.status="testing"
--> 0df1c266de81
[3/3] STEP 26/28: LABEL ai.opencharly.check_level="noagent"
--> 3ae941e46c3c
[3/3] STEP 27/28: LABEL ai.opencharly.info='The check-mise bed image — composes the mise-consumer layer; mise-consumer: Consumer candy for the builder:mise + verb:mise legs. It SELECTS the'
--> 0070f920a0cc
[3/3] STEP 28/28: LABEL ai.opencharly.candy_version='{"mise-consumer":"2026.242.0000"}'
[3/3] COMMIT ghcr.io/opencharly/check-mise:check-mise-pod-2026.242.1236
--> c03994f6c505
Successfully tagged ghcr.io/opencharly/check-mise:check-mise-pod-2026.242.1236
c03994f6c505867292cb0761d09e73793a147ae0b516ab65261d3ef2a596dc00
