WARNING: charly is a dev/worktree build (not installed at /usr/bin or /usr/local/bin); NOT loading the installed package's plugins from /usr/lib/charly/plugins (they may be built against a different charly version). Set CHARLY_PLUGIN_DIR to load plugins from a custom location.

--- Building check-mise ---
[1/3] STEP 1/2: FROM scratch AS mise-consumer
[3/3] STEP 1/24: FROM quay.io/fedora/fedora:43
[2/3] STEP 1/6: FROM quay.io/fedora/fedora:43 AS mise-build
[1/3] STEP 2/2: COPY candy/mise-consumer/ /
--> Using cache f8663c43bef5a12b1e76780f27ec7851328185d63a52ebefa9384673ffe844ff
--> f8663c43bef5
[3/3] STEP 2/24: RUN { [ -L /usr/local ] && mkdir -p "$(readlink /usr/local)"; mkdir -p /usr/local/bin; } &&     ARCH=$(uname -m) &&     case "$ARCH" in x86_64) ARCH=amd64;; aarch64) ARCH=arm64;; esac &&     TASK_URL="https://github.com/go-task/task/releases/latest/download/task_linux_${ARCH}.tar.gz" &&     (curl -fsSL "$TASK_URL" || wget -qO- "$TASK_URL") | tar -xzf - -C /usr/local/bin task
[2/3] STEP 2/6: USER root
--> Using cache 9454fe5c0a03b285f4f4670db41027a96a295d360ed3acf5f281cd04e414a474
--> 9454fe5c0a03
[2/3] STEP 3/6: RUN dnf -y install --setopt=install_weak_deps=False curl tar gzip
--> Using cache 0190624cc9f439323595f56ed50a697f3b476227674738b25ce710d61287cd79
--> 0190624cc9f4
[2/3] STEP 4/6: ENV MISE_DATA_DIR=/mise MISE_YES=1
--> Using cache 8524ee23a5b4473027431adc35e10215dee7603d0d8e6127d19a0393c18ae111
--> 8524ee23a5b4
[2/3] STEP 5/6: RUN A=$(uname -m | sed 's/x86_64/x64/;s/aarch64/arm64/') &&     curl -sL -o /tmp/mise.tar.gz https://github.com/jdx/mise/releases/download/v2026.8.14/mise-v2026.8.14-linux-$A.tar.gz &&     tar xzf /tmp/mise.tar.gz -C /usr/local --strip-components=1 && rm /tmp/mise.tar.gz
--> b405e377affd
[3/3] STEP 3/24: RUN if ! getent passwd 1000 >/dev/null 2>&1; then       LOGIN_SHELL=/bin/sh; [ -x /bin/bash ] && LOGIN_SHELL=/bin/bash;       if command -v useradd >/dev/null 2>&1; then         (getent group 1000 >/dev/null 2>&1 || groupadd -g 1000 user) &&         useradd -m -u 1000 -g 1000 -s "$LOGIN_SHELL" user;       else         (getent group 1000 >/dev/null 2>&1 || addgroup -g 1000 user) &&         adduser -D -h /home/user -u 1000 -G user -s "$LOGIN_SHELL" user;       fi;     fi
--> 4a0bf7d49829
[3/3] STEP 4/24: WORKDIR /home/user
--> 87e2b944a359
[3/3] STEP 5/24: COPY --from=mise-build /usr/local/bin/mise /usr/local/bin/mise
--> 85dc771068e7
[2/3] STEP 6/6: RUN mkdir -p /mise-out && cp -a /mise/. /mise-out/ && printf '[tools]\n' > /mise-out/config.toml
cp: cannot stat '/mise/.': No such file or directory
Error: building at STEP "RUN mkdir -p /mise-out && cp -a /mise/. /mise-out/ && printf '[tools]\n' > /mise-out/config.toml": while running runtime: exit status 1
charly: error: command "build": building check-mise: podman build failed: exit status 1
charly subcommand exited 1
